name:  Training Arena
theme: camp
notes: RAID (true battle). Same arena, north breached on 3 lanes; squad 1/2/3 + allies 5/6/7 defend; insurgents from the forest. Sibling of arena_drill.
---
........................T........T......
T..T.........T......................T...
.t.....Tt.......T.....................t.
...............t......T..Tt......T......
........................................
........................................
....#######gg#######gg#######gg#####....
....#gggggggggggggggggggggggggggggg#....
....#gggggggggggggggggggggggggggggg#....
....#gggggggggggggggggggggggggggggg#....
....#gggggggggggggggggggggggggggggg#....
....#gggggggggggggggggggggggggggggg#....
....#gggggggggggooooooooggggggggggg#....
....#gggggggggggooooooooggggggggggg#....
....#gggggggggggooooooooggggggggggg#....
....#gggggggggggooooooooggggggggggg#....
....#gggggggggggooooooooggggggggggg#....
....#gggggggggggggggggggggggggggggg#....
....#gggggggggggggggggggggggggggggg#....
....#gggggggggggggggggggggggggggggg#....
....#gggggggggggggggggggggggggggggg#....
....#gggggggggggggggggggggggggggggg#....
....###############gg###############....
...................,,...................
...................,,...................
...................,,...................
...................,,...................
...................,,...................
...................,,...................
...................,,...................
---


           E        E        E
            E        E        E













                5   6   7

            1       2       3










