name:  Training Arena
theme: camp
notes: SPAR (scripted tutorial). North fence intact; partners 5/6/7 vs squad 1/2/3 on the pad; no enemies. Sibling of arena_raid.
---
........................T........T......
T..T.........T......................T...
.t.....Tt.......T.....................t.
...............t......T..Tt......T......
........................................
........................................
....################################....
....#gggggggggggggggggggggggggggggg#....
....#gggggggggggggggggggggggggggggg#....
....#gggggggggggggggggggggggggggggg#....
....#gggggggggggggggggggggggggggggg#....
....#gggggggggggggggggggggggggggggg#....
....#gggggggggggooooooooggggggggggg#....
....#gggggggggggooooooooggggggggggg#....
....#gggggggggggooooooooggggggggggg#....
....#gggggggggggooooooooggggggggggg#....
....#gggggggggggooooooooggggggggggg#....
....#gggggggggggggggggggggggggggggg#....
....#gggggggggggggggggggggggggggggg#....
....#gggggggggggggggggggggggggggggg#....
....#gggggggggggggggggggggggggggggg#....
....#gggggggggggggggggggggggggggggg#....
....###############gg###############....
...................,,...................
...................,,...................
...................,,...................
...................,,...................
...................,,...................
...................,,...................
...................,,...................
---













                 5 6 7

                 1 2 3














