name:  Camp Grounds
theme: camp
notes: Larger camp. South edge = emerge from the (off-map) summoning room; main street -> WIDE fenced sparring arena with all 3 raid entrances on the north wall (aligned to forest clearings = three attack lanes) + a south street approach; deep ragged forest on top; camp/tents south of the pen.
---
.........T...TT..tT.T..t....T..T..T.......
..T..Tt.............t..T........t...T..T..
........T...T...T....T....T...............
.......T.......................T..T...T...
...T.......t....t.T....................t..
T..T...............................T...T..
.t.....T........t...............t.........
.................t.....t.....t............
...T.....t.....T.....t.T...............T..
......t.........................t.tt......
.......T.......t.................t......tt
..T..tt........................t...T......
tt....T....E..T.....E........E.....t..t...
.....t..t.......t..........t...........t.t
..t....t...E..t.....E........E.......t.t..
....t.........t...........t..........t....
......#####gg#######gg#######gg#####......
......#gggggggggggggggggggggggggggg#......
......#gggggggggggggggggggggggggggg#......
......#gggggggggggggggggggggggggggg#......
......#gggggggggggggggggggggggggggg#......
......#ggggggggggoooooooogggggggggg#......
......#ggggggggggo5o6o7oogggggggggg#......
......#ggggggggggoooooooogggggggggg#......
......#ggggggggggoooooooogggggggggg#......
......#ggggggggggoooooooogggggggggg#......
......#gggggggggggggggggggggggggggg#......
......#gggggggggggggggggggggggggggg#......
......#ggggg1ggggggg2ggggggg3gggggg#......
......#gggggggggggggggggggggggggggg#......
......##############gg##############......
....................,,....................
...BBBBBB...........,,...BBBBB............
...BBBBBB..BBBB.....,,...BBBBB.BBBBBBB....
...BBBBBB..BBBB.....,,...BBBBB.BBBBBBB....
...BBBBBB..BBBB.....,,...BBBBB.BBBBBBB....
...........BBBBBBB..,,...BBBBB............
..BBBBB....BBBBBBB..,,............BBBB....
..BBBBB........BBB.,P,,...........BBBB....
...................,,,,...................
