name:  Camp Grounds
theme: camp
notes: Larger camp. Summoning (S) -> main street -> sparring arena (N); forest band on top (raid source); open yards flanking the summoning.
---
T..T..T..T..T.....T..T.....T..T..T..
....................................
................E........E..........
T..T.....T..T.....T..T..T..T..T..T..
....................................
.......E........E...................
...........######gg######...........
...........#gggggggggggg#...........
...........#gggggggggggg#...........
...........#gggooooooggg#...........
...........#gggo5o6o7ggg#...........
...........#gggooooooggg#...........
...........#gggooooooggg#...........
...........#gggggggggggg#...........
...........#gg1ggg2gg3gg#...........
...........#gggggggggggg#...........
...........######gg######...........
.................,,.................
.................,,.................
.......B.B.......,,........B.B......
.................,,.................
.......B.........,,.........B.......
.................,,.................
.................,,.................
.................P..................
..............BBB,,BBB..............
..............B,,,,,,B..............
..............B,,,,,,B..............
..............B,,,,,,B..............
..............B,,,,,,B..............
..............BBBBBBBB..............
....................................
