name:  Training Grounds
theme: camp
notes: Beat 2 ONE-SCENE tutorial yard (drill -> breach -> raid). Design: docs/levels/training_grounds.md. Breaches N x3 (8-9 / 21-24 / 35-36); pit ring center; range W; storage rows E; outcrop east; gate S(14-15).
---
.............T............Tt...T........T..t
...T..T...t.......Tt.........ttt..t....t....
T........................t........t...t.t...
.......t.t.T...T......t...T...T..T....T..T..
............................................
...#####gg###########gggg##########gg####...
...#ggggggggggggggggggg,,ggggggggggggggg#...
...#grrgggggggggggggg,,,gggggggxBtBgxggg#...
...#grrgBg,,ggggggggggg,,ggggggggggggggg#...
...#ggrggggggggggggg,,,,,,,ggggggBxxxtgg#.r.
...#grrggg,,ggggggggg,,,,g,ggggggggggggg#...
...#grrgBg,g,,g,gggg,,,,,,gggggtBxxgtggg#...
.T.#ggrggg,,,,,,,,,,,,,,gggggggggggggggg#..r
...#ggrggg,,gBB,ggggg,g,,ggggggggxtxxxgg#...
...#grrgBg,ggBBgggggggg,,ggggggggggggggg#...
...#ggrggg,,gxggggggggB,gggg,ggggggggggg#...
...#ggrggg,gggggggggBooooooB,,,ggg,,gggg#.r.
...#grrgBg,,ggggggggoooooooog,,,,,,ggggg#...
...#ggrgggg,ggggggggoooooooogg,g,B,B,Bgg#...
...#grrggg,,ggggggggoooooooogggg,g,,gggg#..r
...#ggggggggggggggggoooooooogggggggggggg#...
...#ggggggggggggggggBooooooBgggggggggggg#...
.T.#ggggggggggggggg,,,,ggggggggggggggggg#...
...#ggggggggggggggg,,ggggggggggggggggggg#.r.
...#ggggggBg,,,,,,,,,ggggggggggggggggggg#.T.
...#ggggggg,,,,,,g,ggggggggggggggggggggg#...
...#ggggggg,B,g,gggggggggggggggggggggggg#...
...#gggggggggg,,gggggggggggggggggggggggg#...
...###########gg#########################.T.
............................................
..T.....................................t...
............................................
---
                                            
                                            
        E             E             E       
        EE           EEEE          EE       
                                            
                                            
                                            
                                            
                                            
                      5 6                   
                       7                    
                                            
          2                                 
                                            
                                            
                                            
                                            
                                  3         
                                            
                                            
                                            
                                            
                                            
                                            
                                            
                                            
                4                           
              1                             
                                            
                                            
                                            
                                            
